// Jest Snapshot v1, https://goo.gl/fbAQLP

exports[`<Main /> should render the heading 1`] = `
.c0 {
  background-color: #06092b;
  color: #fff;
  height: 100%;
  width: 100%;
  padding: 3rem;
  text-align: center;
  -webkit-align-items: center;
  -webkit-box-align: center;
  -ms-flex-align: center;
  align-items: center;
  display: -webkit-box;
  display: -webkit-flex;
  display: -ms-flexbox;
  display: flex;
  -webkit-flex-direction: column;
  -ms-flex-direction: column;
  flex-direction: column;
  -webkit-box-pack: center;
  -webkit-justify-content: center;
  -ms-flex-pack: center;
  justify-content: center;
}

.c1 {
  font-size: 2.5rem;
}

.c2 {
  font-size: 2rem;
  font-weight: 400;
}

.c5 {
  margin-top: 3rem;
  width: min(30rem,100%);
}

.c3 {
  list-style: none;
}

.c4 {
  margin: 1rem 0;
  -webkit-letter-spacing: 1.4px;
  -moz-letter-spacing: 1.4px;
  -ms-letter-spacing: 1.4px;
  letter-spacing: 1.4px;
}

<main
  class="c0"
>
  <h1
    class="c1"
  >
    SpaceX Rockets
  </h1>
  <h2
    class="c2"
  >
    Get space-x rockets using graphql public api.
  </h2>
  <ul
    class="c3"
  >
    <li
      class="c4"
    >
      rocket
    </li>
  </ul>
  <img
    alt="Um foguete em fase de lanÃ§amento."
    class="c5"
    src="/img/rocket.svg"
  />
</main>
`
